2025-02-26 14:43:01,322 ERROR scheduler Exception in Enqueue Events for Site bizpro.com
Traceback (most recent call last):
  File "/home/mbr-python/Django/proplahrmsnew/frappe-bench/apps/frappe/frappe/utils/scheduler.py", line 75, in enqueue_events_for_site
    if is_scheduler_inactive():
       ^^^^^^^^^^^^^^^^^^^^^^^
  File "/home/mbr-python/Django/proplahrmsnew/frappe-bench/apps/frappe/frappe/utils/scheduler.py", line 117, in is_scheduler_inactive
    if is_scheduler_disabled(verbose=verbose):
       ^^^^^^^^^^^^^^^^^^^^^^^^^^^^^^^^^^^^^^
  File "/home/mbr-python/Django/proplahrmsnew/frappe-bench/apps/frappe/frappe/utils/scheduler.py", line 130, in is_scheduler_disabled
    frappe.db.get_single_value("System Settings", "enable_scheduler")
  File "/home/mbr-python/Django/proplahrmsnew/frappe-bench/apps/frappe/frappe/database/database.py", line 844, in get_single_value
    df = frappe.get_meta(doctype).get_field(fieldname)
         ^^^^^^^^^^^^^^^^^^^^^^^^
  File "/home/mbr-python/Django/proplahrmsnew/frappe-bench/apps/frappe/frappe/__init__.py", line 1360, in get_meta
    return frappe.model.meta.get_meta(doctype, cached=cached)
           ^^^^^^^^^^^^^^^^^^^^^^^^^^^^^^^^^^^^^^^^^^^^^^^^^^
  File "/home/mbr-python/Django/proplahrmsnew/frappe-bench/apps/frappe/frappe/model/meta.py", line 63, in get_meta
    meta = Meta(doctype)
           ^^^^^^^^^^^^^
  File "/home/mbr-python/Django/proplahrmsnew/frappe-bench/apps/frappe/frappe/model/meta.py", line 117, in __init__
    super().__init__("DocType", doctype)
  File "/home/mbr-python/Django/proplahrmsnew/frappe-bench/apps/frappe/frappe/model/document.py", line 126, in __init__
    self.load_from_db()
  File "/home/mbr-python/Django/proplahrmsnew/frappe-bench/apps/frappe/frappe/model/meta.py", line 123, in load_from_db
    super().load_from_db()
  File "/home/mbr-python/Django/proplahrmsnew/frappe-bench/apps/frappe/frappe/model/document.py", line 172, in load_from_db
    frappe.throw(
  File "/home/mbr-python/Django/proplahrmsnew/frappe-bench/apps/frappe/frappe/__init__.py", line 645, in throw
    msgprint(
  File "/home/mbr-python/Django/proplahrmsnew/frappe-bench/apps/frappe/frappe/__init__.py", line 610, in msgprint
    _raise_exception()
  File "/home/mbr-python/Django/proplahrmsnew/frappe-bench/apps/frappe/frappe/__init__.py", line 561, in _raise_exception
    raise exc
frappe.exceptions.DoesNotExistError: DocType System Settings not found
2025-02-26 14:44:01,358 ERROR scheduler Exception in Enqueue Events for Site bizpro.com
Traceback (most recent call last):
  File "/home/mbr-python/Django/proplahrmsnew/frappe-bench/apps/frappe/frappe/utils/scheduler.py", line 75, in enqueue_events_for_site
    if is_scheduler_inactive():
       ^^^^^^^^^^^^^^^^^^^^^^^
  File "/home/mbr-python/Django/proplahrmsnew/frappe-bench/apps/frappe/frappe/utils/scheduler.py", line 117, in is_scheduler_inactive
    if is_scheduler_disabled(verbose=verbose):
       ^^^^^^^^^^^^^^^^^^^^^^^^^^^^^^^^^^^^^^
  File "/home/mbr-python/Django/proplahrmsnew/frappe-bench/apps/frappe/frappe/utils/scheduler.py", line 130, in is_scheduler_disabled
    frappe.db.get_single_value("System Settings", "enable_scheduler")
  File "/home/mbr-python/Django/proplahrmsnew/frappe-bench/apps/frappe/frappe/database/database.py", line 844, in get_single_value
    df = frappe.get_meta(doctype).get_field(fieldname)
         ^^^^^^^^^^^^^^^^^^^^^^^^
  File "/home/mbr-python/Django/proplahrmsnew/frappe-bench/apps/frappe/frappe/__init__.py", line 1360, in get_meta
    return frappe.model.meta.get_meta(doctype, cached=cached)
           ^^^^^^^^^^^^^^^^^^^^^^^^^^^^^^^^^^^^^^^^^^^^^^^^^^
  File "/home/mbr-python/Django/proplahrmsnew/frappe-bench/apps/frappe/frappe/model/meta.py", line 63, in get_meta
    meta = Meta(doctype)
           ^^^^^^^^^^^^^
  File "/home/mbr-python/Django/proplahrmsnew/frappe-bench/apps/frappe/frappe/model/meta.py", line 117, in __init__
    super().__init__("DocType", doctype)
  File "/home/mbr-python/Django/proplahrmsnew/frappe-bench/apps/frappe/frappe/model/document.py", line 126, in __init__
    self.load_from_db()
  File "/home/mbr-python/Django/proplahrmsnew/frappe-bench/apps/frappe/frappe/model/meta.py", line 123, in load_from_db
    super().load_from_db()
  File "/home/mbr-python/Django/proplahrmsnew/frappe-bench/apps/frappe/frappe/model/document.py", line 172, in load_from_db
    frappe.throw(
  File "/home/mbr-python/Django/proplahrmsnew/frappe-bench/apps/frappe/frappe/__init__.py", line 645, in throw
    msgprint(
  File "/home/mbr-python/Django/proplahrmsnew/frappe-bench/apps/frappe/frappe/__init__.py", line 610, in msgprint
    _raise_exception()
  File "/home/mbr-python/Django/proplahrmsnew/frappe-bench/apps/frappe/frappe/__init__.py", line 561, in _raise_exception
    raise exc
frappe.exceptions.DoesNotExistError: DocType System Settings not found
2025-02-26 15:04:08,197 ERROR scheduler Exception in Enqueue Events for Site bizpro.com
Traceback (most recent call last):
  File "/home/mbr-python/Django/proplahrmsnew/frappe-bench/apps/frappe/frappe/utils/scheduler.py", line 75, in enqueue_events_for_site
    if is_scheduler_inactive():
       ^^^^^^^^^^^^^^^^^^^^^^^
  File "/home/mbr-python/Django/proplahrmsnew/frappe-bench/apps/frappe/frappe/utils/scheduler.py", line 117, in is_scheduler_inactive
    if is_scheduler_disabled(verbose=verbose):
       ^^^^^^^^^^^^^^^^^^^^^^^^^^^^^^^^^^^^^^
  File "/home/mbr-python/Django/proplahrmsnew/frappe-bench/apps/frappe/frappe/utils/scheduler.py", line 130, in is_scheduler_disabled
    frappe.db.get_single_value("System Settings", "enable_scheduler")
  File "/home/mbr-python/Django/proplahrmsnew/frappe-bench/apps/frappe/frappe/database/database.py", line 841, in get_single_value
    ).run()
      ^^^^^
  File "/home/mbr-python/Django/proplahrmsnew/frappe-bench/apps/frappe/frappe/query_builder/utils.py", line 87, in execute_query
    result = frappe.db.sql(query, params, *args, **kwargs)  # nosemgrep
             ^^^^^^^^^^^^^^^^^^^^^^^^^^^^^^^^^^^^^^^^^^^^^
  File "/home/mbr-python/Django/proplahrmsnew/frappe-bench/apps/frappe/frappe/database/database.py", line 211, in sql
    self.connect()
  File "/home/mbr-python/Django/proplahrmsnew/frappe-bench/apps/frappe/frappe/database/database.py", line 116, in connect
    self._conn: "MariadbConnection" | "PostgresConnection" = self.get_connection()
                                                             ^^^^^^^^^^^^^^^^^^^^^
  File "/home/mbr-python/Django/proplahrmsnew/frappe-bench/apps/frappe/frappe/database/mariadb/database.py", line 107, in get_connection
    conn = self._get_connection()
           ^^^^^^^^^^^^^^^^^^^^^^
  File "/home/mbr-python/Django/proplahrmsnew/frappe-bench/apps/frappe/frappe/database/mariadb/database.py", line 113, in _get_connection
    return self.create_connection()
           ^^^^^^^^^^^^^^^^^^^^^^^^
  File "/home/mbr-python/Django/proplahrmsnew/frappe-bench/apps/frappe/frappe/database/mariadb/database.py", line 116, in create_connection
    return pymysql.connect(**self.get_connection_settings())
           ^^^^^^^^^^^^^^^^^^^^^^^^^^^^^^^^^^^^^^^^^^^^^^^^^
  File "/home/mbr-python/Django/proplahrmsnew/frappe-bench/env/lib/python3.11/site-packages/pymysql/connections.py", line 361, in __init__
    self.connect()
  File "/home/mbr-python/Django/proplahrmsnew/frappe-bench/env/lib/python3.11/site-packages/pymysql/connections.py", line 669, in connect
    self._request_authentication()
  File "/home/mbr-python/Django/proplahrmsnew/frappe-bench/env/lib/python3.11/site-packages/pymysql/connections.py", line 957, in _request_authentication
    auth_packet = self._read_packet()
                  ^^^^^^^^^^^^^^^^^^^
  File "/home/mbr-python/Django/proplahrmsnew/frappe-bench/env/lib/python3.11/site-packages/pymysql/connections.py", line 775, in _read_packet
    packet.raise_for_error()
  File "/home/mbr-python/Django/proplahrmsnew/frappe-bench/env/lib/python3.11/site-packages/pymysql/protocol.py", line 219, in raise_for_error
    err.raise_mysql_exception(self._data)
  File "/home/mbr-python/Django/proplahrmsnew/frappe-bench/env/lib/python3.11/site-packages/pymysql/err.py", line 150, in raise_mysql_exception
    raise errorclass(errno, errval)
pymysql.err.OperationalError: (1045, "Access denied for user '_5cc9cae4542b37bb'@'localhost' (using password: YES)")
2025-02-26 15:05:08,323 ERROR scheduler Exception in Enqueue Events for Site bizpro.com
Traceback (most recent call last):
  File "/home/mbr-python/Django/proplahrmsnew/frappe-bench/apps/frappe/frappe/utils/scheduler.py", line 75, in enqueue_events_for_site
    if is_scheduler_inactive():
       ^^^^^^^^^^^^^^^^^^^^^^^
  File "/home/mbr-python/Django/proplahrmsnew/frappe-bench/apps/frappe/frappe/utils/scheduler.py", line 117, in is_scheduler_inactive
    if is_scheduler_disabled(verbose=verbose):
       ^^^^^^^^^^^^^^^^^^^^^^^^^^^^^^^^^^^^^^
  File "/home/mbr-python/Django/proplahrmsnew/frappe-bench/apps/frappe/frappe/utils/scheduler.py", line 130, in is_scheduler_disabled
    frappe.db.get_single_value("System Settings", "enable_scheduler")
  File "/home/mbr-python/Django/proplahrmsnew/frappe-bench/apps/frappe/frappe/database/database.py", line 841, in get_single_value
    ).run()
      ^^^^^
  File "/home/mbr-python/Django/proplahrmsnew/frappe-bench/apps/frappe/frappe/query_builder/utils.py", line 87, in execute_query
    result = frappe.db.sql(query, params, *args, **kwargs)  # nosemgrep
             ^^^^^^^^^^^^^^^^^^^^^^^^^^^^^^^^^^^^^^^^^^^^^
  File "/home/mbr-python/Django/proplahrmsnew/frappe-bench/apps/frappe/frappe/database/database.py", line 211, in sql
    self.connect()
  File "/home/mbr-python/Django/proplahrmsnew/frappe-bench/apps/frappe/frappe/database/database.py", line 116, in connect
    self._conn: "MariadbConnection" | "PostgresConnection" = self.get_connection()
                                                             ^^^^^^^^^^^^^^^^^^^^^
  File "/home/mbr-python/Django/proplahrmsnew/frappe-bench/apps/frappe/frappe/database/mariadb/database.py", line 107, in get_connection
    conn = self._get_connection()
           ^^^^^^^^^^^^^^^^^^^^^^
  File "/home/mbr-python/Django/proplahrmsnew/frappe-bench/apps/frappe/frappe/database/mariadb/database.py", line 113, in _get_connection
    return self.create_connection()
           ^^^^^^^^^^^^^^^^^^^^^^^^
  File "/home/mbr-python/Django/proplahrmsnew/frappe-bench/apps/frappe/frappe/database/mariadb/database.py", line 116, in create_connection
    return pymysql.connect(**self.get_connection_settings())
           ^^^^^^^^^^^^^^^^^^^^^^^^^^^^^^^^^^^^^^^^^^^^^^^^^
  File "/home/mbr-python/Django/proplahrmsnew/frappe-bench/env/lib/python3.11/site-packages/pymysql/connections.py", line 361, in __init__
    self.connect()
  File "/home/mbr-python/Django/proplahrmsnew/frappe-bench/env/lib/python3.11/site-packages/pymysql/connections.py", line 669, in connect
    self._request_authentication()
  File "/home/mbr-python/Django/proplahrmsnew/frappe-bench/env/lib/python3.11/site-packages/pymysql/connections.py", line 957, in _request_authentication
    auth_packet = self._read_packet()
                  ^^^^^^^^^^^^^^^^^^^
  File "/home/mbr-python/Django/proplahrmsnew/frappe-bench/env/lib/python3.11/site-packages/pymysql/connections.py", line 775, in _read_packet
    packet.raise_for_error()
  File "/home/mbr-python/Django/proplahrmsnew/frappe-bench/env/lib/python3.11/site-packages/pymysql/protocol.py", line 219, in raise_for_error
    err.raise_mysql_exception(self._data)
  File "/home/mbr-python/Django/proplahrmsnew/frappe-bench/env/lib/python3.11/site-packages/pymysql/err.py", line 150, in raise_mysql_exception
    raise errorclass(errno, errval)
pymysql.err.OperationalError: (1045, "Access denied for user '_5cc9cae4542b37bb'@'localhost' (using password: YES)")
2025-02-26 15:06:08,329 ERROR scheduler Exception in Enqueue Events for Site bizpro.com
Traceback (most recent call last):
  File "/home/mbr-python/Django/proplahrmsnew/frappe-bench/apps/frappe/frappe/utils/scheduler.py", line 75, in enqueue_events_for_site
    if is_scheduler_inactive():
       ^^^^^^^^^^^^^^^^^^^^^^^
  File "/home/mbr-python/Django/proplahrmsnew/frappe-bench/apps/frappe/frappe/utils/scheduler.py", line 117, in is_scheduler_inactive
    if is_scheduler_disabled(verbose=verbose):
       ^^^^^^^^^^^^^^^^^^^^^^^^^^^^^^^^^^^^^^
  File "/home/mbr-python/Django/proplahrmsnew/frappe-bench/apps/frappe/frappe/utils/scheduler.py", line 130, in is_scheduler_disabled
    frappe.db.get_single_value("System Settings", "enable_scheduler")
  File "/home/mbr-python/Django/proplahrmsnew/frappe-bench/apps/frappe/frappe/database/database.py", line 841, in get_single_value
    ).run()
      ^^^^^
  File "/home/mbr-python/Django/proplahrmsnew/frappe-bench/apps/frappe/frappe/query_builder/utils.py", line 87, in execute_query
    result = frappe.db.sql(query, params, *args, **kwargs)  # nosemgrep
             ^^^^^^^^^^^^^^^^^^^^^^^^^^^^^^^^^^^^^^^^^^^^^
  File "/home/mbr-python/Django/proplahrmsnew/frappe-bench/apps/frappe/frappe/database/database.py", line 211, in sql
    self.connect()
  File "/home/mbr-python/Django/proplahrmsnew/frappe-bench/apps/frappe/frappe/database/database.py", line 116, in connect
    self._conn: "MariadbConnection" | "PostgresConnection" = self.get_connection()
                                                             ^^^^^^^^^^^^^^^^^^^^^
  File "/home/mbr-python/Django/proplahrmsnew/frappe-bench/apps/frappe/frappe/database/mariadb/database.py", line 107, in get_connection
    conn = self._get_connection()
           ^^^^^^^^^^^^^^^^^^^^^^
  File "/home/mbr-python/Django/proplahrmsnew/frappe-bench/apps/frappe/frappe/database/mariadb/database.py", line 113, in _get_connection
    return self.create_connection()
           ^^^^^^^^^^^^^^^^^^^^^^^^
  File "/home/mbr-python/Django/proplahrmsnew/frappe-bench/apps/frappe/frappe/database/mariadb/database.py", line 116, in create_connection
    return pymysql.connect(**self.get_connection_settings())
           ^^^^^^^^^^^^^^^^^^^^^^^^^^^^^^^^^^^^^^^^^^^^^^^^^
  File "/home/mbr-python/Django/proplahrmsnew/frappe-bench/env/lib/python3.11/site-packages/pymysql/connections.py", line 361, in __init__
    self.connect()
  File "/home/mbr-python/Django/proplahrmsnew/frappe-bench/env/lib/python3.11/site-packages/pymysql/connections.py", line 669, in connect
    self._request_authentication()
  File "/home/mbr-python/Django/proplahrmsnew/frappe-bench/env/lib/python3.11/site-packages/pymysql/connections.py", line 957, in _request_authentication
    auth_packet = self._read_packet()
                  ^^^^^^^^^^^^^^^^^^^
  File "/home/mbr-python/Django/proplahrmsnew/frappe-bench/env/lib/python3.11/site-packages/pymysql/connections.py", line 775, in _read_packet
    packet.raise_for_error()
  File "/home/mbr-python/Django/proplahrmsnew/frappe-bench/env/lib/python3.11/site-packages/pymysql/protocol.py", line 219, in raise_for_error
    err.raise_mysql_exception(self._data)
  File "/home/mbr-python/Django/proplahrmsnew/frappe-bench/env/lib/python3.11/site-packages/pymysql/err.py", line 150, in raise_mysql_exception
    raise errorclass(errno, errval)
pymysql.err.OperationalError: (1045, "Access denied for user '_5cc9cae4542b37bb'@'localhost' (using password: YES)")
2025-02-26 15:07:08,482 ERROR scheduler Exception in Enqueue Events for Site bizpro.com
Traceback (most recent call last):
  File "/home/mbr-python/Django/proplahrmsnew/frappe-bench/apps/frappe/frappe/utils/scheduler.py", line 75, in enqueue_events_for_site
    if is_scheduler_inactive():
       ^^^^^^^^^^^^^^^^^^^^^^^
  File "/home/mbr-python/Django/proplahrmsnew/frappe-bench/apps/frappe/frappe/utils/scheduler.py", line 117, in is_scheduler_inactive
    if is_scheduler_disabled(verbose=verbose):
       ^^^^^^^^^^^^^^^^^^^^^^^^^^^^^^^^^^^^^^
  File "/home/mbr-python/Django/proplahrmsnew/frappe-bench/apps/frappe/frappe/utils/scheduler.py", line 130, in is_scheduler_disabled
    frappe.db.get_single_value("System Settings", "enable_scheduler")
  File "/home/mbr-python/Django/proplahrmsnew/frappe-bench/apps/frappe/frappe/database/database.py", line 841, in get_single_value
    ).run()
      ^^^^^
  File "/home/mbr-python/Django/proplahrmsnew/frappe-bench/apps/frappe/frappe/query_builder/utils.py", line 87, in execute_query
    result = frappe.db.sql(query, params, *args, **kwargs)  # nosemgrep
             ^^^^^^^^^^^^^^^^^^^^^^^^^^^^^^^^^^^^^^^^^^^^^
  File "/home/mbr-python/Django/proplahrmsnew/frappe-bench/apps/frappe/frappe/database/database.py", line 211, in sql
    self.connect()
  File "/home/mbr-python/Django/proplahrmsnew/frappe-bench/apps/frappe/frappe/database/database.py", line 116, in connect
    self._conn: "MariadbConnection" | "PostgresConnection" = self.get_connection()
                                                             ^^^^^^^^^^^^^^^^^^^^^
  File "/home/mbr-python/Django/proplahrmsnew/frappe-bench/apps/frappe/frappe/database/mariadb/database.py", line 107, in get_connection
    conn = self._get_connection()
           ^^^^^^^^^^^^^^^^^^^^^^
  File "/home/mbr-python/Django/proplahrmsnew/frappe-bench/apps/frappe/frappe/database/mariadb/database.py", line 113, in _get_connection
    return self.create_connection()
           ^^^^^^^^^^^^^^^^^^^^^^^^
  File "/home/mbr-python/Django/proplahrmsnew/frappe-bench/apps/frappe/frappe/database/mariadb/database.py", line 116, in create_connection
    return pymysql.connect(**self.get_connection_settings())
           ^^^^^^^^^^^^^^^^^^^^^^^^^^^^^^^^^^^^^^^^^^^^^^^^^
  File "/home/mbr-python/Django/proplahrmsnew/frappe-bench/env/lib/python3.11/site-packages/pymysql/connections.py", line 361, in __init__
    self.connect()
  File "/home/mbr-python/Django/proplahrmsnew/frappe-bench/env/lib/python3.11/site-packages/pymysql/connections.py", line 669, in connect
    self._request_authentication()
  File "/home/mbr-python/Django/proplahrmsnew/frappe-bench/env/lib/python3.11/site-packages/pymysql/connections.py", line 957, in _request_authentication
    auth_packet = self._read_packet()
                  ^^^^^^^^^^^^^^^^^^^
  File "/home/mbr-python/Django/proplahrmsnew/frappe-bench/env/lib/python3.11/site-packages/pymysql/connections.py", line 775, in _read_packet
    packet.raise_for_error()
  File "/home/mbr-python/Django/proplahrmsnew/frappe-bench/env/lib/python3.11/site-packages/pymysql/protocol.py", line 219, in raise_for_error
    err.raise_mysql_exception(self._data)
  File "/home/mbr-python/Django/proplahrmsnew/frappe-bench/env/lib/python3.11/site-packages/pymysql/err.py", line 150, in raise_mysql_exception
    raise errorclass(errno, errval)
pymysql.err.OperationalError: (1045, "Access denied for user '_5cc9cae4542b37bb'@'localhost' (using password: YES)")
2025-02-26 15:08:08,791 ERROR scheduler Exception in Enqueue Events for Site bizpro.com
Traceback (most recent call last):
  File "/home/mbr-python/Django/proplahrmsnew/frappe-bench/apps/frappe/frappe/utils/scheduler.py", line 75, in enqueue_events_for_site
    if is_scheduler_inactive():
       ^^^^^^^^^^^^^^^^^^^^^^^
  File "/home/mbr-python/Django/proplahrmsnew/frappe-bench/apps/frappe/frappe/utils/scheduler.py", line 117, in is_scheduler_inactive
    if is_scheduler_disabled(verbose=verbose):
       ^^^^^^^^^^^^^^^^^^^^^^^^^^^^^^^^^^^^^^
  File "/home/mbr-python/Django/proplahrmsnew/frappe-bench/apps/frappe/frappe/utils/scheduler.py", line 130, in is_scheduler_disabled
    frappe.db.get_single_value("System Settings", "enable_scheduler")
  File "/home/mbr-python/Django/proplahrmsnew/frappe-bench/apps/frappe/frappe/database/database.py", line 841, in get_single_value
    ).run()
      ^^^^^
  File "/home/mbr-python/Django/proplahrmsnew/frappe-bench/apps/frappe/frappe/query_builder/utils.py", line 87, in execute_query
    result = frappe.db.sql(query, params, *args, **kwargs)  # nosemgrep
             ^^^^^^^^^^^^^^^^^^^^^^^^^^^^^^^^^^^^^^^^^^^^^
  File "/home/mbr-python/Django/proplahrmsnew/frappe-bench/apps/frappe/frappe/database/database.py", line 211, in sql
    self.connect()
  File "/home/mbr-python/Django/proplahrmsnew/frappe-bench/apps/frappe/frappe/database/database.py", line 116, in connect
    self._conn: "MariadbConnection" | "PostgresConnection" = self.get_connection()
                                                             ^^^^^^^^^^^^^^^^^^^^^
  File "/home/mbr-python/Django/proplahrmsnew/frappe-bench/apps/frappe/frappe/database/mariadb/database.py", line 107, in get_connection
    conn = self._get_connection()
           ^^^^^^^^^^^^^^^^^^^^^^
  File "/home/mbr-python/Django/proplahrmsnew/frappe-bench/apps/frappe/frappe/database/mariadb/database.py", line 113, in _get_connection
    return self.create_connection()
           ^^^^^^^^^^^^^^^^^^^^^^^^
  File "/home/mbr-python/Django/proplahrmsnew/frappe-bench/apps/frappe/frappe/database/mariadb/database.py", line 116, in create_connection
    return pymysql.connect(**self.get_connection_settings())
           ^^^^^^^^^^^^^^^^^^^^^^^^^^^^^^^^^^^^^^^^^^^^^^^^^
  File "/home/mbr-python/Django/proplahrmsnew/frappe-bench/env/lib/python3.11/site-packages/pymysql/connections.py", line 361, in __init__
    self.connect()
  File "/home/mbr-python/Django/proplahrmsnew/frappe-bench/env/lib/python3.11/site-packages/pymysql/connections.py", line 669, in connect
    self._request_authentication()
  File "/home/mbr-python/Django/proplahrmsnew/frappe-bench/env/lib/python3.11/site-packages/pymysql/connections.py", line 957, in _request_authentication
    auth_packet = self._read_packet()
                  ^^^^^^^^^^^^^^^^^^^
  File "/home/mbr-python/Django/proplahrmsnew/frappe-bench/env/lib/python3.11/site-packages/pymysql/connections.py", line 775, in _read_packet
    packet.raise_for_error()
  File "/home/mbr-python/Django/proplahrmsnew/frappe-bench/env/lib/python3.11/site-packages/pymysql/protocol.py", line 219, in raise_for_error
    err.raise_mysql_exception(self._data)
  File "/home/mbr-python/Django/proplahrmsnew/frappe-bench/env/lib/python3.11/site-packages/pymysql/err.py", line 150, in raise_mysql_exception
    raise errorclass(errno, errval)
pymysql.err.OperationalError: (1045, "Access denied for user '_5cc9cae4542b37bb'@'localhost' (using password: YES)")
2025-02-26 15:09:08,957 ERROR scheduler Exception in Enqueue Events for Site bizpro.com
Traceback (most recent call last):
  File "/home/mbr-python/Django/proplahrmsnew/frappe-bench/apps/frappe/frappe/utils/scheduler.py", line 75, in enqueue_events_for_site
    if is_scheduler_inactive():
       ^^^^^^^^^^^^^^^^^^^^^^^
  File "/home/mbr-python/Django/proplahrmsnew/frappe-bench/apps/frappe/frappe/utils/scheduler.py", line 117, in is_scheduler_inactive
    if is_scheduler_disabled(verbose=verbose):
       ^^^^^^^^^^^^^^^^^^^^^^^^^^^^^^^^^^^^^^
  File "/home/mbr-python/Django/proplahrmsnew/frappe-bench/apps/frappe/frappe/utils/scheduler.py", line 130, in is_scheduler_disabled
    frappe.db.get_single_value("System Settings", "enable_scheduler")
  File "/home/mbr-python/Django/proplahrmsnew/frappe-bench/apps/frappe/frappe/database/database.py", line 841, in get_single_value
    ).run()
      ^^^^^
  File "/home/mbr-python/Django/proplahrmsnew/frappe-bench/apps/frappe/frappe/query_builder/utils.py", line 87, in execute_query
    result = frappe.db.sql(query, params, *args, **kwargs)  # nosemgrep
             ^^^^^^^^^^^^^^^^^^^^^^^^^^^^^^^^^^^^^^^^^^^^^
  File "/home/mbr-python/Django/proplahrmsnew/frappe-bench/apps/frappe/frappe/database/database.py", line 211, in sql
    self.connect()
  File "/home/mbr-python/Django/proplahrmsnew/frappe-bench/apps/frappe/frappe/database/database.py", line 116, in connect
    self._conn: "MariadbConnection" | "PostgresConnection" = self.get_connection()
                                                             ^^^^^^^^^^^^^^^^^^^^^
  File "/home/mbr-python/Django/proplahrmsnew/frappe-bench/apps/frappe/frappe/database/mariadb/database.py", line 107, in get_connection
    conn = self._get_connection()
           ^^^^^^^^^^^^^^^^^^^^^^
  File "/home/mbr-python/Django/proplahrmsnew/frappe-bench/apps/frappe/frappe/database/mariadb/database.py", line 113, in _get_connection
    return self.create_connection()
           ^^^^^^^^^^^^^^^^^^^^^^^^
  File "/home/mbr-python/Django/proplahrmsnew/frappe-bench/apps/frappe/frappe/database/mariadb/database.py", line 116, in create_connection
    return pymysql.connect(**self.get_connection_settings())
           ^^^^^^^^^^^^^^^^^^^^^^^^^^^^^^^^^^^^^^^^^^^^^^^^^
  File "/home/mbr-python/Django/proplahrmsnew/frappe-bench/env/lib/python3.11/site-packages/pymysql/connections.py", line 361, in __init__
    self.connect()
  File "/home/mbr-python/Django/proplahrmsnew/frappe-bench/env/lib/python3.11/site-packages/pymysql/connections.py", line 669, in connect
    self._request_authentication()
  File "/home/mbr-python/Django/proplahrmsnew/frappe-bench/env/lib/python3.11/site-packages/pymysql/connections.py", line 957, in _request_authentication
    auth_packet = self._read_packet()
                  ^^^^^^^^^^^^^^^^^^^
  File "/home/mbr-python/Django/proplahrmsnew/frappe-bench/env/lib/python3.11/site-packages/pymysql/connections.py", line 775, in _read_packet
    packet.raise_for_error()
  File "/home/mbr-python/Django/proplahrmsnew/frappe-bench/env/lib/python3.11/site-packages/pymysql/protocol.py", line 219, in raise_for_error
    err.raise_mysql_exception(self._data)
  File "/home/mbr-python/Django/proplahrmsnew/frappe-bench/env/lib/python3.11/site-packages/pymysql/err.py", line 150, in raise_mysql_exception
    raise errorclass(errno, errval)
pymysql.err.OperationalError: (1045, "Access denied for user '_5cc9cae4542b37bb'@'localhost' (using password: YES)")
2025-03-03 10:30:33,792 ERROR scheduler Skipped queueing hrms.controllers.employee_reminders.send_reminders_in_advance_weekly because it was found in queue for bizpro.com
2025-03-03 10:30:33,796 ERROR scheduler Skipped queueing hrms.hr.doctype.shift_type.shift_type.process_auto_attendance_for_all_shifts because it was found in queue for bizpro.com
2025-03-03 10:30:33,799 ERROR scheduler Skipped queueing hrms.controllers.employee_reminders.send_reminders_in_advance_monthly because it was found in queue for bizpro.com
2025-03-03 10:30:33,801 ERROR scheduler Skipped queueing hrms.hr.utils.allocate_earned_leaves because it was found in queue for bizpro.com
2025-03-03 10:30:33,804 ERROR scheduler Skipped queueing hrms.hr.utils.generate_leave_encashment because it was found in queue for bizpro.com
2025-03-03 10:30:33,807 ERROR scheduler Skipped queueing hrms.hr.doctype.leave_ledger_entry.leave_ledger_entry.process_expired_allocation because it was found in queue for bizpro.com
2025-03-03 10:30:33,809 ERROR scheduler Skipped queueing hrms.hr.doctype.job_opening.job_opening.close_expired_job_openings because it was found in queue for bizpro.com
2025-03-03 10:30:33,812 ERROR scheduler Skipped queueing hrms.hr.doctype.interview.interview.send_daily_feedback_reminder because it was found in queue for bizpro.com
2025-03-03 10:30:33,815 ERROR scheduler Skipped queueing hrms.hr.doctype.daily_work_summary_group.daily_work_summary_group.send_summary because it was found in queue for bizpro.com
2025-03-03 10:30:33,818 ERROR scheduler Skipped queueing hrms.controllers.employee_reminders.send_work_anniversary_reminders because it was found in queue for bizpro.com
2025-03-03 10:30:33,821 ERROR scheduler Skipped queueing hrms.controllers.employee_reminders.send_birthday_reminders because it was found in queue for bizpro.com
2025-03-03 10:30:33,823 ERROR scheduler Skipped queueing hrms.hr.doctype.daily_work_summary_group.daily_work_summary_group.trigger_emails because it was found in queue for bizpro.com
2025-03-03 10:30:33,826 ERROR scheduler Skipped queueing hrms.hr.doctype.interview.interview.send_interview_reminder because it was found in queue for bizpro.com
2025-03-03 10:30:33,829 ERROR scheduler Skipped queueing erpnext.accounts.utils.auto_create_exchange_rate_revaluation_weekly because it was found in queue for bizpro.com
2025-03-03 10:30:33,832 ERROR scheduler Skipped queueing erpnext.utilities.bulk_transaction.retry because it was found in queue for bizpro.com
2025-03-03 10:30:33,834 ERROR scheduler Skipped queueing erpnext.stock.doctype.repost_item_valuation.repost_item_valuation.repost_entries because it was found in queue for bizpro.com
2025-03-03 10:30:33,837 ERROR scheduler Skipped queueing erpnext.accounts.utils.auto_create_exchange_rate_revaluation_monthly because it was found in queue for bizpro.com
2025-03-03 10:30:33,839 ERROR scheduler Skipped queueing erpnext.accounts.deferred_revenue.process_deferred_accounting because it was found in queue for bizpro.com
2025-03-03 10:30:33,842 ERROR scheduler Skipped queueing erpnext.assets.doctype.asset.depreciation.post_depreciation_entries because it was found in queue for bizpro.com
2025-03-03 10:30:33,845 ERROR scheduler Skipped queueing erpnext.crm.utils.open_leads_opportunities_based_on_todays_event because it was found in queue for bizpro.com
2025-03-03 10:30:33,847 ERROR scheduler Skipped queueing erpnext.manufacturing.doctype.bom_update_tool.bom_update_tool.auto_update_latest_price_in_all_boms because it was found in queue for bizpro.com
2025-03-03 10:30:33,850 ERROR scheduler Skipped queueing erpnext.setup.doctype.email_digest.email_digest.send because it was found in queue for bizpro.com
2025-03-03 10:30:33,853 ERROR scheduler Skipped queueing erpnext.accounts.doctype.process_subscription.process_subscription.create_subscription_process because it was found in queue for bizpro.com
2025-03-03 10:30:33,856 ERROR scheduler Skipped queueing erpnext.assets.doctype.asset_maintenance_log.asset_maintenance_log.update_asset_maintenance_log_status because it was found in queue for bizpro.com
2025-03-03 10:30:33,859 ERROR scheduler Skipped queueing erpnext.accounts.utils.run_ledger_health_checks because it was found in queue for bizpro.com
2025-03-03 10:30:33,862 ERROR scheduler Skipped queueing erpnext.accounts.utils.auto_create_exchange_rate_revaluation_daily because it was found in queue for bizpro.com
2025-03-03 10:30:33,865 ERROR scheduler Skipped queueing erpnext.accounts.doctype.process_statement_of_accounts.process_statement_of_accounts.send_auto_email because it was found in queue for bizpro.com
2025-03-03 10:30:33,867 ERROR scheduler Skipped queueing erpnext.buying.doctype.supplier_quotation.supplier_quotation.set_expired_status because it was found in queue for bizpro.com
2025-03-03 10:30:33,870 ERROR scheduler Skipped queueing erpnext.selling.doctype.quotation.quotation.set_expired_status because it was found in queue for bizpro.com
2025-03-03 10:30:33,873 ERROR scheduler Skipped queueing erpnext.crm.doctype.email_campaign.email_campaign.set_email_campaign_status because it was found in queue for bizpro.com
2025-03-03 10:30:33,875 ERROR scheduler Skipped queueing erpnext.crm.doctype.email_campaign.email_campaign.send_email_to_leads_or_contacts because it was found in queue for bizpro.com
2025-03-03 10:30:33,878 ERROR scheduler Skipped queueing erpnext.support.doctype.service_level_agreement.service_level_agreement.check_agreement_status because it was found in queue for bizpro.com
2025-03-03 10:30:33,881 ERROR scheduler Skipped queueing erpnext.quality_management.doctype.quality_review.quality_review.review because it was found in queue for bizpro.com
2025-03-03 10:30:33,883 ERROR scheduler Skipped queueing erpnext.projects.doctype.project.project.send_project_status_email_to_users because it was found in queue for bizpro.com
2025-03-03 10:30:33,886 ERROR scheduler Skipped queueing erpnext.projects.doctype.project.project.update_project_sales_billing because it was found in queue for bizpro.com
2025-03-03 10:30:33,889 ERROR scheduler Skipped queueing erpnext.crm.doctype.contract.contract.update_status_for_contracts because it was found in queue for bizpro.com
2025-03-03 10:30:33,891 ERROR scheduler Skipped queueing erpnext.assets.doctype.asset.asset.make_post_gl_entry because it was found in queue for bizpro.com
2025-03-03 10:30:33,894 ERROR scheduler Skipped queueing erpnext.assets.doctype.asset.asset.update_maintenance_status because it was found in queue for bizpro.com
2025-03-03 10:30:33,897 ERROR scheduler Skipped queueing erpnext.setup.doctype.company.company.cache_companies_monthly_sales_history because it was found in queue for bizpro.com
2025-03-03 10:30:33,900 ERROR scheduler Skipped queueing erpnext.buying.doctype.supplier_scorecard.supplier_scorecard.refresh_scorecards because it was found in queue for bizpro.com
2025-03-03 10:30:33,902 ERROR scheduler Skipped queueing erpnext.stock.doctype.serial_no.serial_no.update_maintenance_status because it was found in queue for bizpro.com
2025-03-03 10:30:33,905 ERROR scheduler Skipped queueing erpnext.projects.doctype.task.task.set_tasks_as_overdue because it was found in queue for bizpro.com
2025-03-03 10:30:33,908 ERROR scheduler Skipped queueing erpnext.accounts.doctype.fiscal_year.fiscal_year.auto_create_fiscal_year because it was found in queue for bizpro.com
2025-03-03 10:30:33,910 ERROR scheduler Skipped queueing erpnext.controllers.accounts_controller.update_invoice_status because it was found in queue for bizpro.com
2025-03-03 10:30:33,913 ERROR scheduler Skipped queueing erpnext.crm.doctype.opportunity.opportunity.auto_close_opportunity because it was found in queue for bizpro.com
2025-03-03 10:30:33,916 ERROR scheduler Skipped queueing erpnext.support.doctype.issue.issue.auto_close_tickets because it was found in queue for bizpro.com
2025-03-03 10:30:33,918 ERROR scheduler Skipped queueing erpnext.projects.doctype.project.project.collect_project_status because it was found in queue for bizpro.com
2025-03-03 10:30:33,921 ERROR scheduler Skipped queueing erpnext.projects.doctype.project.project.hourly_reminder because it was found in queue for bizpro.com
2025-03-03 10:30:33,924 ERROR scheduler Skipped queueing erpnext.projects.doctype.project.project.project_status_update_reminder because it was found in queue for bizpro.com
2025-03-03 10:30:33,927 ERROR scheduler Skipped queueing erpnext.erpnext_integrations.doctype.plaid_settings.plaid_settings.automatic_synchronization because it was found in queue for bizpro.com
2025-03-03 10:30:33,929 ERROR scheduler Skipped queueing erpnext.utilities.doctype.video.video.update_youtube_data because it was found in queue for bizpro.com
2025-03-03 10:30:33,932 ERROR scheduler Skipped queueing erpnext.stock.reorder_item.reorder_item because it was found in queue for bizpro.com
2025-03-03 10:30:33,935 ERROR scheduler Skipped queueing erpnext.accounts.doctype.gl_entry.gl_entry.rename_gle_sle_docs because it was found in queue for bizpro.com
2025-03-03 10:30:33,938 ERROR scheduler Skipped queueing erpnext.accounts.doctype.process_payment_reconciliation.process_payment_reconciliation.trigger_reconciliation_for_queued_docs because it was found in queue for bizpro.com
2025-03-03 10:30:33,941 ERROR scheduler Skipped queueing erpnext.manufacturing.doctype.bom_update_log.bom_update_log.resume_bom_cost_update_jobs because it was found in queue for bizpro.com
2025-03-03 10:30:33,943 ERROR scheduler Skipped queueing frappe.integrations.doctype.s3_backup_settings.s3_backup_settings.take_backups_monthly because it was found in queue for bizpro.com
2025-03-03 10:30:33,946 ERROR scheduler Skipped queueing frappe.social.doctype.energy_point_log.energy_point_log.send_monthly_summary because it was found in queue for bizpro.com
2025-03-03 10:30:33,949 ERROR scheduler Skipped queueing frappe.email.doctype.auto_email_report.auto_email_report.send_monthly because it was found in queue for bizpro.com
2025-03-03 10:30:33,951 ERROR scheduler Skipped queueing frappe.desk.doctype.changelog_feed.changelog_feed.fetch_changelog_feed because it was found in queue for bizpro.com
2025-03-03 10:30:33,954 ERROR scheduler Skipped queueing frappe.integrations.doctype.google_drive.google_drive.weekly_backup because it was found in queue for bizpro.com
2025-03-03 10:30:33,957 ERROR scheduler Skipped queueing frappe.social.doctype.energy_point_log.energy_point_log.send_weekly_summary because it was found in queue for bizpro.com
2025-03-03 10:30:33,959 ERROR scheduler Skipped queueing frappe.utils.change_log.check_for_update because it was found in queue for bizpro.com
2025-03-03 10:30:33,961 ERROR scheduler Skipped queueing frappe.desk.form.document_follow.send_weekly_updates because it was found in queue for bizpro.com
2025-03-03 10:30:33,963 ERROR scheduler Skipped queueing frappe.integrations.doctype.s3_backup_settings.s3_backup_settings.take_backups_weekly because it was found in queue for bizpro.com
2025-03-03 10:30:33,965 ERROR scheduler Skipped queueing frappe.integrations.doctype.dropbox_settings.dropbox_settings.take_backups_weekly because it was found in queue for bizpro.com
2025-03-03 10:30:33,966 ERROR scheduler Skipped queueing frappe.integrations.doctype.google_drive.google_drive.daily_backup because it was found in queue for bizpro.com
2025-03-03 10:30:33,968 ERROR scheduler Skipped queueing frappe.email.doctype.auto_email_report.auto_email_report.send_daily because it was found in queue for bizpro.com
2025-03-03 10:30:33,970 ERROR scheduler Skipped queueing frappe.integrations.doctype.s3_backup_settings.s3_backup_settings.take_backups_daily because it was found in queue for bizpro.com
2025-03-03 10:30:33,973 ERROR scheduler Skipped queueing frappe.integrations.doctype.dropbox_settings.dropbox_settings.take_backups_daily because it was found in queue for bizpro.com
2025-03-03 10:30:33,975 ERROR scheduler Skipped queueing frappe.automation.doctype.auto_repeat.auto_repeat.set_auto_repeat_as_completed because it was found in queue for bizpro.com
2025-03-03 10:30:33,977 ERROR scheduler Skipped queueing frappe.automation.doctype.auto_repeat.auto_repeat.make_auto_repeat_entry because it was found in queue for bizpro.com
2025-03-03 10:30:33,980 ERROR scheduler Skipped queueing frappe.integrations.doctype.google_contacts.google_contacts.sync because it was found in queue for bizpro.com
2025-03-03 10:30:33,982 ERROR scheduler Skipped queueing frappe.social.doctype.energy_point_settings.energy_point_settings.allocate_review_points because it was found in queue for bizpro.com
2025-03-03 10:30:33,984 ERROR scheduler Skipped queueing frappe.desk.form.document_follow.send_daily_updates because it was found in queue for bizpro.com
2025-03-03 10:30:33,986 ERROR scheduler Skipped queueing frappe.website.doctype.personal_data_deletion_request.personal_data_deletion_request.remove_unverified_record because it was found in queue for bizpro.com
2025-03-03 10:30:33,989 ERROR scheduler Skipped queueing frappe.email.doctype.notification.notification.trigger_daily_alerts because it was found in queue for bizpro.com
2025-03-03 10:30:33,991 ERROR scheduler Skipped queueing frappe.sessions.clear_expired_sessions because it was found in queue for bizpro.com
2025-03-03 10:30:33,993 ERROR scheduler Skipped queueing frappe.desk.doctype.event.event.send_event_digest because it was found in queue for bizpro.com
2025-03-03 10:30:33,995 ERROR scheduler Skipped queueing frappe.desk.notifications.clear_notifications because it was found in queue for bizpro.com
2025-03-03 10:30:33,997 ERROR scheduler Skipped queueing frappe.website.doctype.personal_data_deletion_request.personal_data_deletion_request.process_data_deletion_request because it was found in queue for bizpro.com
2025-03-03 10:30:33,998 ERROR scheduler Skipped queueing frappe.email.doctype.newsletter.newsletter.send_scheduled_email because it was found in queue for bizpro.com
2025-03-03 10:30:34,000 ERROR scheduler Skipped queueing frappe.integrations.doctype.google_calendar.google_calendar.sync because it was found in queue for bizpro.com
2025-03-03 10:30:34,002 ERROR scheduler Skipped queueing frappe.desk.form.document_follow.send_hourly_updates because it was found in queue for bizpro.com
2025-03-03 10:30:34,004 ERROR scheduler Skipped queueing frappe.desk.page.backups.backups.delete_downloadable_backups because it was found in queue for bizpro.com
2025-03-03 10:30:34,005 ERROR scheduler Skipped queueing frappe.model.utils.user_settings.sync_user_settings because it was found in queue for bizpro.com
2025-03-03 10:30:34,007 ERROR scheduler Skipped queueing frappe.model.utils.link_count.update_link_count because it was found in queue for bizpro.com
2025-03-03 10:30:34,009 ERROR scheduler Skipped queueing frappe.automation.doctype.reminder.reminder.send_reminders because it was found in queue for bizpro.com
2025-03-03 10:30:34,011 ERROR scheduler Skipped queueing frappe.monitor.flush because it was found in queue for bizpro.com
2025-03-03 10:30:34,013 ERROR scheduler Skipped queueing frappe.email.queue.flush because it was found in queue for bizpro.com
2025-03-03 10:30:34,015 ERROR scheduler Skipped queueing frappe.core.doctype.log_settings.log_settings.run_log_clean_up because it was found in queue for bizpro.com
2025-03-03 10:30:34,017 ERROR scheduler Skipped queueing frappe.core.doctype.prepared_report.prepared_report.expire_stalled_report because it was found in queue for bizpro.com
2025-03-03 10:30:34,019 ERROR scheduler Skipped queueing frappe.email.doctype.email_account.email_account.pull because it was found in queue for bizpro.com
2025-03-03 10:30:34,021 ERROR scheduler Skipped queueing frappe.deferred_insert.save_to_db because it was found in queue for bizpro.com
2025-03-03 10:30:34,023 ERROR scheduler Skipped queueing frappe.utils.global_search.sync_global_search because it was found in queue for bizpro.com
2025-03-03 10:30:34,025 ERROR scheduler Skipped queueing frappe.email.doctype.email_account.email_account.notify_unreplied because it was found in queue for bizpro.com
2025-03-03 10:30:34,027 ERROR scheduler Skipped queueing frappe.twofactor.delete_all_barcodes_for_users because it was found in queue for bizpro.com
2025-03-03 10:30:34,029 ERROR scheduler Skipped queueing frappe.website.doctype.web_page.web_page.check_publish_status because it was found in queue for bizpro.com
2025-03-03 10:30:34,031 ERROR scheduler Skipped queueing frappe.oauth.delete_oauth2_data because it was found in queue for bizpro.com
