2025-02-26 14:44:01,340 ERROR frappe Unable to load translations
Site: bizpro.com
Form Dict: {}
Traceback (most recent call last):
  File "/home/mbr-python/Django/proplahrmsnew/frappe-bench/apps/frappe/frappe/utils/caching.py", line 55, in wrapper
    return frappe.local.request_cache[func][args_key]
           ~~~~~~~~~~~~~~~~~~~~~~~~~~~~~~~~^^^^^^^^^^
KeyError: -7315040673884093289

During handling of the above exception, another exception occurred:

Traceback (most recent call last):
  File "/home/mbr-python/Django/proplahrmsnew/frappe-bench/apps/frappe/frappe/translate.py", line 155, in get_all_translations
    return frappe.cache.hget(MERGED_TRANSLATION_KEY, lang, generator=_merge_translations)
           ^^^^^^^^^^^^^^^^^^^^^^^^^^^^^^^^^^^^^^^^^^^^^^^^^^^^^^^^^^^^^^^^^^^^^^^^^^^^^^
  File "/home/mbr-python/Django/proplahrmsnew/frappe-bench/apps/frappe/frappe/utils/redis_wrapper.py", line 237, in hget
    value = generator()
            ^^^^^^^^^^^
  File "/home/mbr-python/Django/proplahrmsnew/frappe-bench/apps/frappe/frappe/translate.py", line 147, in _merge_translations
    all_translations = get_translations_from_apps(lang).copy()
                       ^^^^^^^^^^^^^^^^^^^^^^^^^^^^^^^^
  File "/home/mbr-python/Django/proplahrmsnew/frappe-bench/apps/frappe/frappe/translate.py", line 172, in get_translations_from_apps
    for app in apps or frappe.get_installed_apps(_ensure_on_bench=True):
                       ^^^^^^^^^^^^^^^^^^^^^^^^^^^^^^^^^^^^^^^^^^^^^^^^
  File "/home/mbr-python/Django/proplahrmsnew/frappe-bench/apps/frappe/frappe/utils/caching.py", line 57, in wrapper
    return_val = func(*args, **kwargs)
                 ^^^^^^^^^^^^^^^^^^^^^
  File "/home/mbr-python/Django/proplahrmsnew/frappe-bench/apps/frappe/frappe/__init__.py", line 1575, in get_installed_apps
    installed = json.loads(db.get_global("installed_apps") or "[]")
                           ^^^^^^^^^^^^^^^^^^^^^^^^^^^^^^^
  File "/home/mbr-python/Django/proplahrmsnew/frappe-bench/apps/frappe/frappe/database/database.py", line 1005, in get_global
    return self.get_default(key, user)
           ^^^^^^^^^^^^^^^^^^^^^^^^^^^
  File "/home/mbr-python/Django/proplahrmsnew/frappe-bench/apps/frappe/frappe/database/database.py", line 1009, in get_default
    d = self.get_defaults(key, parent)
        ^^^^^^^^^^^^^^^^^^^^^^^^^^^^^^
  File "/home/mbr-python/Django/proplahrmsnew/frappe-bench/apps/frappe/frappe/database/database.py", line 1025, in get_defaults
    defaults = frappe.defaults.get_defaults_for(parent)
               ^^^^^^^^^^^^^^^^^^^^^^^^^^^^^^^^^^^^^^^^
  File "/home/mbr-python/Django/proplahrmsnew/frappe-bench/apps/frappe/frappe/defaults.py", line 240, in get_defaults_for
    .run(as_dict=True)
     ^^^^^^^^^^^^^^^^^
  File "/home/mbr-python/Django/proplahrmsnew/frappe-bench/apps/frappe/frappe/query_builder/utils.py", line 87, in execute_query
    result = frappe.db.sql(query, params, *args, **kwargs)  # nosemgrep
             ^^^^^^^^^^^^^^^^^^^^^^^^^^^^^^^^^^^^^^^^^^^^^
  File "/home/mbr-python/Django/proplahrmsnew/frappe-bench/apps/frappe/frappe/database/database.py", line 234, in sql
    self._cursor.execute(query, values)
  File "/home/mbr-python/Django/proplahrmsnew/frappe-bench/env/lib/python3.11/site-packages/pymysql/cursors.py", line 153, in execute
    result = self._query(query)
             ^^^^^^^^^^^^^^^^^^
  File "/home/mbr-python/Django/proplahrmsnew/frappe-bench/env/lib/python3.11/site-packages/pymysql/cursors.py", line 322, in _query
    conn.query(q)
  File "/home/mbr-python/Django/proplahrmsnew/frappe-bench/env/lib/python3.11/site-packages/pymysql/connections.py", line 563, in query
    self._affected_rows = self._read_query_result(unbuffered=unbuffered)
                          ^^^^^^^^^^^^^^^^^^^^^^^^^^^^^^^^^^^^^^^^^^^^^^
  File "/home/mbr-python/Django/proplahrmsnew/frappe-bench/env/lib/python3.11/site-packages/pymysql/connections.py", line 825, in _read_query_result
    result.read()
  File "/home/mbr-python/Django/proplahrmsnew/frappe-bench/env/lib/python3.11/site-packages/pymysql/connections.py", line 1199, in read
    first_packet = self.connection._read_packet()
                   ^^^^^^^^^^^^^^^^^^^^^^^^^^^^^^
  File "/home/mbr-python/Django/proplahrmsnew/frappe-bench/env/lib/python3.11/site-packages/pymysql/connections.py", line 775, in _read_packet
    packet.raise_for_error()
  File "/home/mbr-python/Django/proplahrmsnew/frappe-bench/env/lib/python3.11/site-packages/pymysql/protocol.py", line 219, in raise_for_error
    err.raise_mysql_exception(self._data)
  File "/home/mbr-python/Django/proplahrmsnew/frappe-bench/env/lib/python3.11/site-packages/pymysql/err.py", line 150, in raise_mysql_exception
    raise errorclass(errno, errval)
pymysql.err.ProgrammingError: (1146, "Table '_5cc9cae4542b37bb.tabDefaultValue' doesn't exist")
2025-02-26 14:44:01,344 ERROR frappe Unable to load translations
Site: bizpro.com
Form Dict: {}
Traceback (most recent call last):
  File "/home/mbr-python/Django/proplahrmsnew/frappe-bench/apps/frappe/frappe/utils/caching.py", line 55, in wrapper
    return frappe.local.request_cache[func][args_key]
           ~~~~~~~~~~~~~~~~~~~~~~~~~~~~~~~~^^^^^^^^^^
KeyError: -7315040673884093289

During handling of the above exception, another exception occurred:

Traceback (most recent call last):
  File "/home/mbr-python/Django/proplahrmsnew/frappe-bench/apps/frappe/frappe/translate.py", line 155, in get_all_translations
    return frappe.cache.hget(MERGED_TRANSLATION_KEY, lang, generator=_merge_translations)
           ^^^^^^^^^^^^^^^^^^^^^^^^^^^^^^^^^^^^^^^^^^^^^^^^^^^^^^^^^^^^^^^^^^^^^^^^^^^^^^
  File "/home/mbr-python/Django/proplahrmsnew/frappe-bench/apps/frappe/frappe/utils/redis_wrapper.py", line 237, in hget
    value = generator()
            ^^^^^^^^^^^
  File "/home/mbr-python/Django/proplahrmsnew/frappe-bench/apps/frappe/frappe/translate.py", line 147, in _merge_translations
    all_translations = get_translations_from_apps(lang).copy()
                       ^^^^^^^^^^^^^^^^^^^^^^^^^^^^^^^^
  File "/home/mbr-python/Django/proplahrmsnew/frappe-bench/apps/frappe/frappe/translate.py", line 172, in get_translations_from_apps
    for app in apps or frappe.get_installed_apps(_ensure_on_bench=True):
                       ^^^^^^^^^^^^^^^^^^^^^^^^^^^^^^^^^^^^^^^^^^^^^^^^
  File "/home/mbr-python/Django/proplahrmsnew/frappe-bench/apps/frappe/frappe/utils/caching.py", line 57, in wrapper
    return_val = func(*args, **kwargs)
                 ^^^^^^^^^^^^^^^^^^^^^
  File "/home/mbr-python/Django/proplahrmsnew/frappe-bench/apps/frappe/frappe/__init__.py", line 1575, in get_installed_apps
    installed = json.loads(db.get_global("installed_apps") or "[]")
                           ^^^^^^^^^^^^^^^^^^^^^^^^^^^^^^^
  File "/home/mbr-python/Django/proplahrmsnew/frappe-bench/apps/frappe/frappe/database/database.py", line 1005, in get_global
    return self.get_default(key, user)
           ^^^^^^^^^^^^^^^^^^^^^^^^^^^
  File "/home/mbr-python/Django/proplahrmsnew/frappe-bench/apps/frappe/frappe/database/database.py", line 1009, in get_default
    d = self.get_defaults(key, parent)
        ^^^^^^^^^^^^^^^^^^^^^^^^^^^^^^
  File "/home/mbr-python/Django/proplahrmsnew/frappe-bench/apps/frappe/frappe/database/database.py", line 1025, in get_defaults
    defaults = frappe.defaults.get_defaults_for(parent)
               ^^^^^^^^^^^^^^^^^^^^^^^^^^^^^^^^^^^^^^^^
  File "/home/mbr-python/Django/proplahrmsnew/frappe-bench/apps/frappe/frappe/defaults.py", line 240, in get_defaults_for
    .run(as_dict=True)
     ^^^^^^^^^^^^^^^^^
  File "/home/mbr-python/Django/proplahrmsnew/frappe-bench/apps/frappe/frappe/query_builder/utils.py", line 87, in execute_query
    result = frappe.db.sql(query, params, *args, **kwargs)  # nosemgrep
             ^^^^^^^^^^^^^^^^^^^^^^^^^^^^^^^^^^^^^^^^^^^^^
  File "/home/mbr-python/Django/proplahrmsnew/frappe-bench/apps/frappe/frappe/database/database.py", line 234, in sql
    self._cursor.execute(query, values)
  File "/home/mbr-python/Django/proplahrmsnew/frappe-bench/env/lib/python3.11/site-packages/pymysql/cursors.py", line 153, in execute
    result = self._query(query)
             ^^^^^^^^^^^^^^^^^^
  File "/home/mbr-python/Django/proplahrmsnew/frappe-bench/env/lib/python3.11/site-packages/pymysql/cursors.py", line 322, in _query
    conn.query(q)
  File "/home/mbr-python/Django/proplahrmsnew/frappe-bench/env/lib/python3.11/site-packages/pymysql/connections.py", line 563, in query
    self._affected_rows = self._read_query_result(unbuffered=unbuffered)
                          ^^^^^^^^^^^^^^^^^^^^^^^^^^^^^^^^^^^^^^^^^^^^^^
  File "/home/mbr-python/Django/proplahrmsnew/frappe-bench/env/lib/python3.11/site-packages/pymysql/connections.py", line 825, in _read_query_result
    result.read()
  File "/home/mbr-python/Django/proplahrmsnew/frappe-bench/env/lib/python3.11/site-packages/pymysql/connections.py", line 1199, in read
    first_packet = self.connection._read_packet()
                   ^^^^^^^^^^^^^^^^^^^^^^^^^^^^^^
  File "/home/mbr-python/Django/proplahrmsnew/frappe-bench/env/lib/python3.11/site-packages/pymysql/connections.py", line 775, in _read_packet
    packet.raise_for_error()
  File "/home/mbr-python/Django/proplahrmsnew/frappe-bench/env/lib/python3.11/site-packages/pymysql/protocol.py", line 219, in raise_for_error
    err.raise_mysql_exception(self._data)
  File "/home/mbr-python/Django/proplahrmsnew/frappe-bench/env/lib/python3.11/site-packages/pymysql/err.py", line 150, in raise_mysql_exception
    raise errorclass(errno, errval)
pymysql.err.ProgrammingError: (1146, "Table '_5cc9cae4542b37bb.tabDefaultValue' doesn't exist")
2025-02-26 14:44:01,356 ERROR frappe Unable to load translations
Site: bizpro.com
Form Dict: {}
Traceback (most recent call last):
  File "/home/mbr-python/Django/proplahrmsnew/frappe-bench/apps/frappe/frappe/utils/caching.py", line 55, in wrapper
    return frappe.local.request_cache[func][args_key]
           ~~~~~~~~~~~~~~~~~~~~~~~~~~~~~~~~^^^^^^^^^^
KeyError: -7315040673884093289

During handling of the above exception, another exception occurred:

Traceback (most recent call last):
  File "/home/mbr-python/Django/proplahrmsnew/frappe-bench/apps/frappe/frappe/translate.py", line 155, in get_all_translations
    return frappe.cache.hget(MERGED_TRANSLATION_KEY, lang, generator=_merge_translations)
           ^^^^^^^^^^^^^^^^^^^^^^^^^^^^^^^^^^^^^^^^^^^^^^^^^^^^^^^^^^^^^^^^^^^^^^^^^^^^^^
  File "/home/mbr-python/Django/proplahrmsnew/frappe-bench/apps/frappe/frappe/utils/redis_wrapper.py", line 237, in hget
    value = generator()
            ^^^^^^^^^^^
  File "/home/mbr-python/Django/proplahrmsnew/frappe-bench/apps/frappe/frappe/translate.py", line 147, in _merge_translations
    all_translations = get_translations_from_apps(lang).copy()
                       ^^^^^^^^^^^^^^^^^^^^^^^^^^^^^^^^
  File "/home/mbr-python/Django/proplahrmsnew/frappe-bench/apps/frappe/frappe/translate.py", line 172, in get_translations_from_apps
    for app in apps or frappe.get_installed_apps(_ensure_on_bench=True):
                       ^^^^^^^^^^^^^^^^^^^^^^^^^^^^^^^^^^^^^^^^^^^^^^^^
  File "/home/mbr-python/Django/proplahrmsnew/frappe-bench/apps/frappe/frappe/utils/caching.py", line 57, in wrapper
    return_val = func(*args, **kwargs)
                 ^^^^^^^^^^^^^^^^^^^^^
  File "/home/mbr-python/Django/proplahrmsnew/frappe-bench/apps/frappe/frappe/__init__.py", line 1575, in get_installed_apps
    installed = json.loads(db.get_global("installed_apps") or "[]")
                           ^^^^^^^^^^^^^^^^^^^^^^^^^^^^^^^
  File "/home/mbr-python/Django/proplahrmsnew/frappe-bench/apps/frappe/frappe/database/database.py", line 1005, in get_global
    return self.get_default(key, user)
           ^^^^^^^^^^^^^^^^^^^^^^^^^^^
  File "/home/mbr-python/Django/proplahrmsnew/frappe-bench/apps/frappe/frappe/database/database.py", line 1009, in get_default
    d = self.get_defaults(key, parent)
        ^^^^^^^^^^^^^^^^^^^^^^^^^^^^^^
  File "/home/mbr-python/Django/proplahrmsnew/frappe-bench/apps/frappe/frappe/database/database.py", line 1025, in get_defaults
    defaults = frappe.defaults.get_defaults_for(parent)
               ^^^^^^^^^^^^^^^^^^^^^^^^^^^^^^^^^^^^^^^^
  File "/home/mbr-python/Django/proplahrmsnew/frappe-bench/apps/frappe/frappe/defaults.py", line 240, in get_defaults_for
    .run(as_dict=True)
     ^^^^^^^^^^^^^^^^^
  File "/home/mbr-python/Django/proplahrmsnew/frappe-bench/apps/frappe/frappe/query_builder/utils.py", line 87, in execute_query
    result = frappe.db.sql(query, params, *args, **kwargs)  # nosemgrep
             ^^^^^^^^^^^^^^^^^^^^^^^^^^^^^^^^^^^^^^^^^^^^^
  File "/home/mbr-python/Django/proplahrmsnew/frappe-bench/apps/frappe/frappe/database/database.py", line 234, in sql
    self._cursor.execute(query, values)
  File "/home/mbr-python/Django/proplahrmsnew/frappe-bench/env/lib/python3.11/site-packages/pymysql/cursors.py", line 153, in execute
    result = self._query(query)
             ^^^^^^^^^^^^^^^^^^
  File "/home/mbr-python/Django/proplahrmsnew/frappe-bench/env/lib/python3.11/site-packages/pymysql/cursors.py", line 322, in _query
    conn.query(q)
  File "/home/mbr-python/Django/proplahrmsnew/frappe-bench/env/lib/python3.11/site-packages/pymysql/connections.py", line 563, in query
    self._affected_rows = self._read_query_result(unbuffered=unbuffered)
                          ^^^^^^^^^^^^^^^^^^^^^^^^^^^^^^^^^^^^^^^^^^^^^^
  File "/home/mbr-python/Django/proplahrmsnew/frappe-bench/env/lib/python3.11/site-packages/pymysql/connections.py", line 825, in _read_query_result
    result.read()
  File "/home/mbr-python/Django/proplahrmsnew/frappe-bench/env/lib/python3.11/site-packages/pymysql/connections.py", line 1199, in read
    first_packet = self.connection._read_packet()
                   ^^^^^^^^^^^^^^^^^^^^^^^^^^^^^^
  File "/home/mbr-python/Django/proplahrmsnew/frappe-bench/env/lib/python3.11/site-packages/pymysql/connections.py", line 775, in _read_packet
    packet.raise_for_error()
  File "/home/mbr-python/Django/proplahrmsnew/frappe-bench/env/lib/python3.11/site-packages/pymysql/protocol.py", line 219, in raise_for_error
    err.raise_mysql_exception(self._data)
  File "/home/mbr-python/Django/proplahrmsnew/frappe-bench/env/lib/python3.11/site-packages/pymysql/err.py", line 150, in raise_mysql_exception
    raise errorclass(errno, errval)
pymysql.err.ProgrammingError: (1146, "Table '_5cc9cae4542b37bb.tabDefaultValue' doesn't exist")
2025-02-26 14:44:39,210 ERROR frappe Unable to load translations
Site: bizpro.com
Form Dict: {}
Traceback (most recent call last):
  File "/home/mbr-python/Django/proplahrmsnew/frappe-bench/apps/frappe/frappe/utils/caching.py", line 55, in wrapper
    return frappe.local.request_cache[func][args_key]
           ~~~~~~~~~~~~~~~~~~~~~~~~~~~~~~~~^^^^^^^^^^
KeyError: 1699305076802166828

During handling of the above exception, another exception occurred:

Traceback (most recent call last):
  File "/home/mbr-python/Django/proplahrmsnew/frappe-bench/apps/frappe/frappe/translate.py", line 155, in get_all_translations
    return frappe.cache.hget(MERGED_TRANSLATION_KEY, lang, generator=_merge_translations)
           ^^^^^^^^^^^^^^^^^^^^^^^^^^^^^^^^^^^^^^^^^^^^^^^^^^^^^^^^^^^^^^^^^^^^^^^^^^^^^^
  File "/home/mbr-python/Django/proplahrmsnew/frappe-bench/apps/frappe/frappe/utils/redis_wrapper.py", line 237, in hget
    value = generator()
            ^^^^^^^^^^^
  File "/home/mbr-python/Django/proplahrmsnew/frappe-bench/apps/frappe/frappe/translate.py", line 147, in _merge_translations
    all_translations = get_translations_from_apps(lang).copy()
                       ^^^^^^^^^^^^^^^^^^^^^^^^^^^^^^^^
  File "/home/mbr-python/Django/proplahrmsnew/frappe-bench/apps/frappe/frappe/translate.py", line 172, in get_translations_from_apps
    for app in apps or frappe.get_installed_apps(_ensure_on_bench=True):
                       ^^^^^^^^^^^^^^^^^^^^^^^^^^^^^^^^^^^^^^^^^^^^^^^^
  File "/home/mbr-python/Django/proplahrmsnew/frappe-bench/apps/frappe/frappe/utils/caching.py", line 57, in wrapper
    return_val = func(*args, **kwargs)
                 ^^^^^^^^^^^^^^^^^^^^^
  File "/home/mbr-python/Django/proplahrmsnew/frappe-bench/apps/frappe/frappe/__init__.py", line 1575, in get_installed_apps
    installed = json.loads(db.get_global("installed_apps") or "[]")
                           ^^^^^^^^^^^^^^^^^^^^^^^^^^^^^^^
  File "/home/mbr-python/Django/proplahrmsnew/frappe-bench/apps/frappe/frappe/database/database.py", line 1005, in get_global
    return self.get_default(key, user)
           ^^^^^^^^^^^^^^^^^^^^^^^^^^^
  File "/home/mbr-python/Django/proplahrmsnew/frappe-bench/apps/frappe/frappe/database/database.py", line 1009, in get_default
    d = self.get_defaults(key, parent)
        ^^^^^^^^^^^^^^^^^^^^^^^^^^^^^^
  File "/home/mbr-python/Django/proplahrmsnew/frappe-bench/apps/frappe/frappe/database/database.py", line 1025, in get_defaults
    defaults = frappe.defaults.get_defaults_for(parent)
               ^^^^^^^^^^^^^^^^^^^^^^^^^^^^^^^^^^^^^^^^
  File "/home/mbr-python/Django/proplahrmsnew/frappe-bench/apps/frappe/frappe/defaults.py", line 240, in get_defaults_for
    .run(as_dict=True)
     ^^^^^^^^^^^^^^^^^
  File "/home/mbr-python/Django/proplahrmsnew/frappe-bench/apps/frappe/frappe/query_builder/utils.py", line 87, in execute_query
    result = frappe.db.sql(query, params, *args, **kwargs)  # nosemgrep
             ^^^^^^^^^^^^^^^^^^^^^^^^^^^^^^^^^^^^^^^^^^^^^
  File "/home/mbr-python/Django/proplahrmsnew/frappe-bench/apps/frappe/frappe/database/database.py", line 234, in sql
    self._cursor.execute(query, values)
  File "/home/mbr-python/Django/proplahrmsnew/frappe-bench/env/lib/python3.11/site-packages/pymysql/cursors.py", line 153, in execute
    result = self._query(query)
             ^^^^^^^^^^^^^^^^^^
  File "/home/mbr-python/Django/proplahrmsnew/frappe-bench/env/lib/python3.11/site-packages/pymysql/cursors.py", line 322, in _query
    conn.query(q)
  File "/home/mbr-python/Django/proplahrmsnew/frappe-bench/env/lib/python3.11/site-packages/pymysql/connections.py", line 563, in query
    self._affected_rows = self._read_query_result(unbuffered=unbuffered)
                          ^^^^^^^^^^^^^^^^^^^^^^^^^^^^^^^^^^^^^^^^^^^^^^
  File "/home/mbr-python/Django/proplahrmsnew/frappe-bench/env/lib/python3.11/site-packages/pymysql/connections.py", line 825, in _read_query_result
    result.read()
  File "/home/mbr-python/Django/proplahrmsnew/frappe-bench/env/lib/python3.11/site-packages/pymysql/connections.py", line 1199, in read
    first_packet = self.connection._read_packet()
                   ^^^^^^^^^^^^^^^^^^^^^^^^^^^^^^
  File "/home/mbr-python/Django/proplahrmsnew/frappe-bench/env/lib/python3.11/site-packages/pymysql/connections.py", line 775, in _read_packet
    packet.raise_for_error()
  File "/home/mbr-python/Django/proplahrmsnew/frappe-bench/env/lib/python3.11/site-packages/pymysql/protocol.py", line 219, in raise_for_error
    err.raise_mysql_exception(self._data)
  File "/home/mbr-python/Django/proplahrmsnew/frappe-bench/env/lib/python3.11/site-packages/pymysql/err.py", line 150, in raise_mysql_exception
    raise errorclass(errno, errval)
pymysql.err.ProgrammingError: (1146, "Table '_5cc9cae4542b37bb.tabDefaultValue' doesn't exist")
2025-02-26 14:44:39,212 ERROR frappe Unable to load translations
Site: bizpro.com
Form Dict: {}
Traceback (most recent call last):
  File "/home/mbr-python/Django/proplahrmsnew/frappe-bench/apps/frappe/frappe/utils/caching.py", line 55, in wrapper
    return frappe.local.request_cache[func][args_key]
           ~~~~~~~~~~~~~~~~~~~~~~~~~~~~~~~~^^^^^^^^^^
KeyError: 1699305076802166828

During handling of the above exception, another exception occurred:

Traceback (most recent call last):
  File "/home/mbr-python/Django/proplahrmsnew/frappe-bench/apps/frappe/frappe/translate.py", line 155, in get_all_translations
    return frappe.cache.hget(MERGED_TRANSLATION_KEY, lang, generator=_merge_translations)
           ^^^^^^^^^^^^^^^^^^^^^^^^^^^^^^^^^^^^^^^^^^^^^^^^^^^^^^^^^^^^^^^^^^^^^^^^^^^^^^
  File "/home/mbr-python/Django/proplahrmsnew/frappe-bench/apps/frappe/frappe/utils/redis_wrapper.py", line 237, in hget
    value = generator()
            ^^^^^^^^^^^
  File "/home/mbr-python/Django/proplahrmsnew/frappe-bench/apps/frappe/frappe/translate.py", line 147, in _merge_translations
    all_translations = get_translations_from_apps(lang).copy()
                       ^^^^^^^^^^^^^^^^^^^^^^^^^^^^^^^^
  File "/home/mbr-python/Django/proplahrmsnew/frappe-bench/apps/frappe/frappe/translate.py", line 172, in get_translations_from_apps
    for app in apps or frappe.get_installed_apps(_ensure_on_bench=True):
                       ^^^^^^^^^^^^^^^^^^^^^^^^^^^^^^^^^^^^^^^^^^^^^^^^
  File "/home/mbr-python/Django/proplahrmsnew/frappe-bench/apps/frappe/frappe/utils/caching.py", line 57, in wrapper
    return_val = func(*args, **kwargs)
                 ^^^^^^^^^^^^^^^^^^^^^
  File "/home/mbr-python/Django/proplahrmsnew/frappe-bench/apps/frappe/frappe/__init__.py", line 1575, in get_installed_apps
    installed = json.loads(db.get_global("installed_apps") or "[]")
                           ^^^^^^^^^^^^^^^^^^^^^^^^^^^^^^^
  File "/home/mbr-python/Django/proplahrmsnew/frappe-bench/apps/frappe/frappe/database/database.py", line 1005, in get_global
    return self.get_default(key, user)
           ^^^^^^^^^^^^^^^^^^^^^^^^^^^
  File "/home/mbr-python/Django/proplahrmsnew/frappe-bench/apps/frappe/frappe/database/database.py", line 1009, in get_default
    d = self.get_defaults(key, parent)
        ^^^^^^^^^^^^^^^^^^^^^^^^^^^^^^
  File "/home/mbr-python/Django/proplahrmsnew/frappe-bench/apps/frappe/frappe/database/database.py", line 1025, in get_defaults
    defaults = frappe.defaults.get_defaults_for(parent)
               ^^^^^^^^^^^^^^^^^^^^^^^^^^^^^^^^^^^^^^^^
  File "/home/mbr-python/Django/proplahrmsnew/frappe-bench/apps/frappe/frappe/defaults.py", line 240, in get_defaults_for
    .run(as_dict=True)
     ^^^^^^^^^^^^^^^^^
  File "/home/mbr-python/Django/proplahrmsnew/frappe-bench/apps/frappe/frappe/query_builder/utils.py", line 87, in execute_query
    result = frappe.db.sql(query, params, *args, **kwargs)  # nosemgrep
             ^^^^^^^^^^^^^^^^^^^^^^^^^^^^^^^^^^^^^^^^^^^^^
  File "/home/mbr-python/Django/proplahrmsnew/frappe-bench/apps/frappe/frappe/database/database.py", line 234, in sql
    self._cursor.execute(query, values)
  File "/home/mbr-python/Django/proplahrmsnew/frappe-bench/env/lib/python3.11/site-packages/pymysql/cursors.py", line 153, in execute
    result = self._query(query)
             ^^^^^^^^^^^^^^^^^^
  File "/home/mbr-python/Django/proplahrmsnew/frappe-bench/env/lib/python3.11/site-packages/pymysql/cursors.py", line 322, in _query
    conn.query(q)
  File "/home/mbr-python/Django/proplahrmsnew/frappe-bench/env/lib/python3.11/site-packages/pymysql/connections.py", line 563, in query
    self._affected_rows = self._read_query_result(unbuffered=unbuffered)
                          ^^^^^^^^^^^^^^^^^^^^^^^^^^^^^^^^^^^^^^^^^^^^^^
  File "/home/mbr-python/Django/proplahrmsnew/frappe-bench/env/lib/python3.11/site-packages/pymysql/connections.py", line 825, in _read_query_result
    result.read()
  File "/home/mbr-python/Django/proplahrmsnew/frappe-bench/env/lib/python3.11/site-packages/pymysql/connections.py", line 1199, in read
    first_packet = self.connection._read_packet()
                   ^^^^^^^^^^^^^^^^^^^^^^^^^^^^^^
  File "/home/mbr-python/Django/proplahrmsnew/frappe-bench/env/lib/python3.11/site-packages/pymysql/connections.py", line 775, in _read_packet
    packet.raise_for_error()
  File "/home/mbr-python/Django/proplahrmsnew/frappe-bench/env/lib/python3.11/site-packages/pymysql/protocol.py", line 219, in raise_for_error
    err.raise_mysql_exception(self._data)
  File "/home/mbr-python/Django/proplahrmsnew/frappe-bench/env/lib/python3.11/site-packages/pymysql/err.py", line 150, in raise_mysql_exception
    raise errorclass(errno, errval)
pymysql.err.ProgrammingError: (1146, "Table '_5cc9cae4542b37bb.tabDefaultValue' doesn't exist")
2025-02-26 14:44:39,213 ERROR frappe Unable to load translations
Site: bizpro.com
Form Dict: {}
Traceback (most recent call last):
  File "/home/mbr-python/Django/proplahrmsnew/frappe-bench/apps/frappe/frappe/utils/caching.py", line 55, in wrapper
    return frappe.local.request_cache[func][args_key]
           ~~~~~~~~~~~~~~~~~~~~~~~~~~~~~~~~^^^^^^^^^^
KeyError: 1699305076802166828

During handling of the above exception, another exception occurred:

Traceback (most recent call last):
  File "/home/mbr-python/Django/proplahrmsnew/frappe-bench/apps/frappe/frappe/translate.py", line 155, in get_all_translations
    return frappe.cache.hget(MERGED_TRANSLATION_KEY, lang, generator=_merge_translations)
           ^^^^^^^^^^^^^^^^^^^^^^^^^^^^^^^^^^^^^^^^^^^^^^^^^^^^^^^^^^^^^^^^^^^^^^^^^^^^^^
  File "/home/mbr-python/Django/proplahrmsnew/frappe-bench/apps/frappe/frappe/utils/redis_wrapper.py", line 237, in hget
    value = generator()
            ^^^^^^^^^^^
  File "/home/mbr-python/Django/proplahrmsnew/frappe-bench/apps/frappe/frappe/translate.py", line 147, in _merge_translations
    all_translations = get_translations_from_apps(lang).copy()
                       ^^^^^^^^^^^^^^^^^^^^^^^^^^^^^^^^
  File "/home/mbr-python/Django/proplahrmsnew/frappe-bench/apps/frappe/frappe/translate.py", line 172, in get_translations_from_apps
    for app in apps or frappe.get_installed_apps(_ensure_on_bench=True):
                       ^^^^^^^^^^^^^^^^^^^^^^^^^^^^^^^^^^^^^^^^^^^^^^^^
  File "/home/mbr-python/Django/proplahrmsnew/frappe-bench/apps/frappe/frappe/utils/caching.py", line 57, in wrapper
    return_val = func(*args, **kwargs)
                 ^^^^^^^^^^^^^^^^^^^^^
  File "/home/mbr-python/Django/proplahrmsnew/frappe-bench/apps/frappe/frappe/__init__.py", line 1575, in get_installed_apps
    installed = json.loads(db.get_global("installed_apps") or "[]")
                           ^^^^^^^^^^^^^^^^^^^^^^^^^^^^^^^
  File "/home/mbr-python/Django/proplahrmsnew/frappe-bench/apps/frappe/frappe/database/database.py", line 1005, in get_global
    return self.get_default(key, user)
           ^^^^^^^^^^^^^^^^^^^^^^^^^^^
  File "/home/mbr-python/Django/proplahrmsnew/frappe-bench/apps/frappe/frappe/database/database.py", line 1009, in get_default
    d = self.get_defaults(key, parent)
        ^^^^^^^^^^^^^^^^^^^^^^^^^^^^^^
  File "/home/mbr-python/Django/proplahrmsnew/frappe-bench/apps/frappe/frappe/database/database.py", line 1025, in get_defaults
    defaults = frappe.defaults.get_defaults_for(parent)
               ^^^^^^^^^^^^^^^^^^^^^^^^^^^^^^^^^^^^^^^^
  File "/home/mbr-python/Django/proplahrmsnew/frappe-bench/apps/frappe/frappe/defaults.py", line 240, in get_defaults_for
    .run(as_dict=True)
     ^^^^^^^^^^^^^^^^^
  File "/home/mbr-python/Django/proplahrmsnew/frappe-bench/apps/frappe/frappe/query_builder/utils.py", line 87, in execute_query
    result = frappe.db.sql(query, params, *args, **kwargs)  # nosemgrep
             ^^^^^^^^^^^^^^^^^^^^^^^^^^^^^^^^^^^^^^^^^^^^^
  File "/home/mbr-python/Django/proplahrmsnew/frappe-bench/apps/frappe/frappe/database/database.py", line 234, in sql
    self._cursor.execute(query, values)
  File "/home/mbr-python/Django/proplahrmsnew/frappe-bench/env/lib/python3.11/site-packages/pymysql/cursors.py", line 153, in execute
    result = self._query(query)
             ^^^^^^^^^^^^^^^^^^
  File "/home/mbr-python/Django/proplahrmsnew/frappe-bench/env/lib/python3.11/site-packages/pymysql/cursors.py", line 322, in _query
    conn.query(q)
  File "/home/mbr-python/Django/proplahrmsnew/frappe-bench/env/lib/python3.11/site-packages/pymysql/connections.py", line 563, in query
    self._affected_rows = self._read_query_result(unbuffered=unbuffered)
                          ^^^^^^^^^^^^^^^^^^^^^^^^^^^^^^^^^^^^^^^^^^^^^^
  File "/home/mbr-python/Django/proplahrmsnew/frappe-bench/env/lib/python3.11/site-packages/pymysql/connections.py", line 825, in _read_query_result
    result.read()
  File "/home/mbr-python/Django/proplahrmsnew/frappe-bench/env/lib/python3.11/site-packages/pymysql/connections.py", line 1199, in read
    first_packet = self.connection._read_packet()
                   ^^^^^^^^^^^^^^^^^^^^^^^^^^^^^^
  File "/home/mbr-python/Django/proplahrmsnew/frappe-bench/env/lib/python3.11/site-packages/pymysql/connections.py", line 775, in _read_packet
    packet.raise_for_error()
  File "/home/mbr-python/Django/proplahrmsnew/frappe-bench/env/lib/python3.11/site-packages/pymysql/protocol.py", line 219, in raise_for_error
    err.raise_mysql_exception(self._data)
  File "/home/mbr-python/Django/proplahrmsnew/frappe-bench/env/lib/python3.11/site-packages/pymysql/err.py", line 150, in raise_mysql_exception
    raise errorclass(errno, errval)
pymysql.err.ProgrammingError: (1146, "Table '_5cc9cae4542b37bb.tabDefaultValue' doesn't exist")
